------------------------------------------------------------
Timing Analyzer Summary
------------------------------------------------------------

Type  : Slow 1100mV 85C Model Setup 'SCOMP:inst|IO_CYCLE'
Slack : -12.913
TNS   : -426.946

Type  : Slow 1100mV 85C Model Setup 'inst1|pll_main_inst|altera_pll_i|cyclonev_pll|counter[2].output_counter|divclk'
Slack : -11.369
TNS   : -162.999

Type  : Slow 1100mV 85C Model Setup 'oneshot_i2c:inst12|i2c_master:inst|data_clk'
Slack : -9.292
TNS   : -140.995

Type  : Slow 1100mV 85C Model Setup 'ADC_INTERFACE:inst6|NEW_SAMPLE'
Slack : -8.451
TNS   : -69.465

Type  : Slow 1100mV 85C Model Setup 'inst1|pll_main_inst|altera_pll_i|cyclonev_pll|counter[0].output_counter|divclk'
Slack : -7.107
TNS   : -74.880

Type  : Slow 1100mV 85C Model Setup 'clk_div:inst5|clock_10Hz'
Slack : -1.731
TNS   : -39.090

Type  : Slow 1100mV 85C Model Setup 'AUD_BCLK'
Slack : -1.498
TNS   : -20.583

Type  : Slow 1100mV 85C Model Hold 'inst1|pll_main_inst|altera_pll_i|cyclonev_pll|counter[0].output_counter|divclk'
Slack : -5.895
TNS   : -64.007

Type  : Slow 1100mV 85C Model Hold 'SCOMP:inst|IO_CYCLE'
Slack : -2.336
TNS   : -50.083

Type  : Slow 1100mV 85C Model Hold 'AUD_BCLK'
Slack : 0.281
TNS   : 0.000

Type  : Slow 1100mV 85C Model Hold 'inst1|pll_main_inst|altera_pll_i|cyclonev_pll|counter[2].output_counter|divclk'
Slack : 0.301
TNS   : 0.000

Type  : Slow 1100mV 85C Model Hold 'clk_div:inst5|clock_10Hz'
Slack : 0.392
TNS   : 0.000

Type  : Slow 1100mV 85C Model Hold 'oneshot_i2c:inst12|i2c_master:inst|data_clk'
Slack : 0.632
TNS   : 0.000

Type  : Slow 1100mV 85C Model Hold 'ADC_INTERFACE:inst6|NEW_SAMPLE'
Slack : 0.723
TNS   : 0.000

Type  : Slow 1100mV 85C Model Recovery 'clk_div:inst5|clock_10Hz'
Slack : -9.873
TNS   : -266.499

Type  : Slow 1100mV 85C Model Removal 'clk_div:inst5|clock_10Hz'
Slack : 1.136
TNS   : 0.000

Type  : Slow 1100mV 85C Model Minimum Pulse Width 'AUD_BCLK'
Slack : -2.174
TNS   : -104.154

Type  : Slow 1100mV 85C Model Minimum Pulse Width 'SCOMP:inst|IO_CYCLE'
Slack : -0.436
TNS   : -27.936

Type  : Slow 1100mV 85C Model Minimum Pulse Width 'ADC_INTERFACE:inst6|NEW_SAMPLE'
Slack : -0.394
TNS   : -23.377

Type  : Slow 1100mV 85C Model Minimum Pulse Width 'oneshot_i2c:inst12|i2c_master:inst|data_clk'
Slack : -0.394
TNS   : -13.951

Type  : Slow 1100mV 85C Model Minimum Pulse Width 'clk_div:inst5|clock_10Hz'
Slack : -0.394
TNS   : -13.750

Type  : Slow 1100mV 85C Model Minimum Pulse Width 'inst1|pll_main_inst|altera_pll_i|cyclonev_pll|fpll_0|fpll|vcoph[0]'
Slack : 1.666
TNS   : 0.000

Type  : Slow 1100mV 85C Model Minimum Pulse Width 'clock_50'
Slack : 9.670
TNS   : 0.000

Type  : Slow 1100mV 85C Model Minimum Pulse Width 'inst1|pll_main_inst|altera_pll_i|cyclonev_pll|counter[0].output_counter|divclk'
Slack : 40.434
TNS   : 0.000

Type  : Slow 1100mV 85C Model Minimum Pulse Width 'inst1|pll_main_inst|altera_pll_i|cyclonev_pll|counter[1].output_counter|cascadeout'
Slack : 416.666
TNS   : 0.000

Type  : Slow 1100mV 85C Model Minimum Pulse Width 'inst1|pll_main_inst|altera_pll_i|cyclonev_pll|counter[2].output_counter|divclk'
Slack : 1249.304
TNS   : 0.000

Type  : Slow 1100mV 0C Model Setup 'SCOMP:inst|IO_CYCLE'
Slack : -12.737
TNS   : -422.713

Type  : Slow 1100mV 0C Model Setup 'inst1|pll_main_inst|altera_pll_i|cyclonev_pll|counter[2].output_counter|divclk'
Slack : -10.400
TNS   : -145.853

Type  : Slow 1100mV 0C Model Setup 'oneshot_i2c:inst12|i2c_master:inst|data_clk'
Slack : -9.510
TNS   : -142.814

Type  : Slow 1100mV 0C Model Setup 'ADC_INTERFACE:inst6|NEW_SAMPLE'
Slack : -8.571
TNS   : -68.793

Type  : Slow 1100mV 0C Model Setup 'inst1|pll_main_inst|altera_pll_i|cyclonev_pll|counter[0].output_counter|divclk'
Slack : -6.492
TNS   : -67.078

Type  : Slow 1100mV 0C Model Setup 'clk_div:inst5|clock_10Hz'
Slack : -1.844
TNS   : -41.316

Type  : Slow 1100mV 0C Model Setup 'AUD_BCLK'
Slack : -1.412
TNS   : -18.899

Type  : Slow 1100mV 0C Model Hold 'inst1|pll_main_inst|altera_pll_i|cyclonev_pll|counter[0].output_counter|divclk'
Slack : -5.981
TNS   : -67.474

Type  : Slow 1100mV 0C Model Hold 'SCOMP:inst|IO_CYCLE'
Slack : -2.358
TNS   : -50.463

Type  : Slow 1100mV 0C Model Hold 'AUD_BCLK'
Slack : 0.265
TNS   : 0.000

Type  : Slow 1100mV 0C Model Hold 'inst1|pll_main_inst|altera_pll_i|cyclonev_pll|counter[2].output_counter|divclk'
Slack : 0.286
TNS   : 0.000

Type  : Slow 1100mV 0C Model Hold 'clk_div:inst5|clock_10Hz'
Slack : 0.369
TNS   : 0.000

Type  : Slow 1100mV 0C Model Hold 'oneshot_i2c:inst12|i2c_master:inst|data_clk'
Slack : 0.672
TNS   : 0.000

Type  : Slow 1100mV 0C Model Hold 'ADC_INTERFACE:inst6|NEW_SAMPLE'
Slack : 0.705
TNS   : 0.000

Type  : Slow 1100mV 0C Model Recovery 'clk_div:inst5|clock_10Hz'
Slack : -9.898
TNS   : -267.167

Type  : Slow 1100mV 0C Model Removal 'clk_div:inst5|clock_10Hz'
Slack : 1.143
TNS   : 0.000

Type  : Slow 1100mV 0C Model Minimum Pulse Width 'AUD_BCLK'
Slack : -2.174
TNS   : -103.738

Type  : Slow 1100mV 0C Model Minimum Pulse Width 'SCOMP:inst|IO_CYCLE'
Slack : -0.394
TNS   : -27.799

Type  : Slow 1100mV 0C Model Minimum Pulse Width 'ADC_INTERFACE:inst6|NEW_SAMPLE'
Slack : -0.394
TNS   : -22.905

Type  : Slow 1100mV 0C Model Minimum Pulse Width 'oneshot_i2c:inst12|i2c_master:inst|data_clk'
Slack : -0.394
TNS   : -13.860

Type  : Slow 1100mV 0C Model Minimum Pulse Width 'clk_div:inst5|clock_10Hz'
Slack : -0.394
TNS   : -13.858

Type  : Slow 1100mV 0C Model Minimum Pulse Width 'inst1|pll_main_inst|altera_pll_i|cyclonev_pll|fpll_0|fpll|vcoph[0]'
Slack : 1.666
TNS   : 0.000

Type  : Slow 1100mV 0C Model Minimum Pulse Width 'clock_50'
Slack : 9.673
TNS   : 0.000

Type  : Slow 1100mV 0C Model Minimum Pulse Width 'inst1|pll_main_inst|altera_pll_i|cyclonev_pll|counter[0].output_counter|divclk'
Slack : 40.419
TNS   : 0.000

Type  : Slow 1100mV 0C Model Minimum Pulse Width 'inst1|pll_main_inst|altera_pll_i|cyclonev_pll|counter[1].output_counter|cascadeout'
Slack : 416.666
TNS   : 0.000

Type  : Slow 1100mV 0C Model Minimum Pulse Width 'inst1|pll_main_inst|altera_pll_i|cyclonev_pll|counter[2].output_counter|divclk'
Slack : 1249.254
TNS   : 0.000

Type  : Fast 1100mV 85C Model Setup 'inst1|pll_main_inst|altera_pll_i|cyclonev_pll|counter[2].output_counter|divclk'
Slack : -8.083
TNS   : -113.702

Type  : Fast 1100mV 85C Model Setup 'SCOMP:inst|IO_CYCLE'
Slack : -7.890
TNS   : -260.253

Type  : Fast 1100mV 85C Model Setup 'oneshot_i2c:inst12|i2c_master:inst|data_clk'
Slack : -6.452
TNS   : -92.760

Type  : Fast 1100mV 85C Model Setup 'inst1|pll_main_inst|altera_pll_i|cyclonev_pll|counter[0].output_counter|divclk'
Slack : -5.539
TNS   : -62.262

Type  : Fast 1100mV 85C Model Setup 'ADC_INTERFACE:inst6|NEW_SAMPLE'
Slack : -4.912
TNS   : -31.389

Type  : Fast 1100mV 85C Model Setup 'clk_div:inst5|clock_10Hz'
Slack : -0.576
TNS   : -12.473

Type  : Fast 1100mV 85C Model Setup 'AUD_BCLK'
Slack : -0.369
TNS   : -2.030

Type  : Fast 1100mV 85C Model Hold 'inst1|pll_main_inst|altera_pll_i|cyclonev_pll|counter[0].output_counter|divclk'
Slack : -3.337
TNS   : -34.390

Type  : Fast 1100mV 85C Model Hold 'SCOMP:inst|IO_CYCLE'
Slack : -1.469
TNS   : -33.130

Type  : Fast 1100mV 85C Model Hold 'clk_div:inst5|clock_10Hz'
Slack : 0.156
TNS   : 0.000

Type  : Fast 1100mV 85C Model Hold 'AUD_BCLK'
Slack : 0.163
TNS   : 0.000

Type  : Fast 1100mV 85C Model Hold 'inst1|pll_main_inst|altera_pll_i|cyclonev_pll|counter[2].output_counter|divclk'
Slack : 0.171
TNS   : 0.000

Type  : Fast 1100mV 85C Model Hold 'oneshot_i2c:inst12|i2c_master:inst|data_clk'
Slack : 0.334
TNS   : 0.000

Type  : Fast 1100mV 85C Model Hold 'ADC_INTERFACE:inst6|NEW_SAMPLE'
Slack : 0.340
TNS   : 0.000

Type  : Fast 1100mV 85C Model Recovery 'clk_div:inst5|clock_10Hz'
Slack : -5.482
TNS   : -147.995

Type  : Fast 1100mV 85C Model Removal 'clk_div:inst5|clock_10Hz'
Slack : 0.445
TNS   : 0.000

Type  : Fast 1100mV 85C Model Minimum Pulse Width 'AUD_BCLK'
Slack : -2.174
TNS   : -110.208

Type  : Fast 1100mV 85C Model Minimum Pulse Width 'SCOMP:inst|IO_CYCLE'
Slack : -0.183
TNS   : -1.835

Type  : Fast 1100mV 85C Model Minimum Pulse Width 'ADC_INTERFACE:inst6|NEW_SAMPLE'
Slack : 0.035
TNS   : 0.000

Type  : Fast 1100mV 85C Model Minimum Pulse Width 'oneshot_i2c:inst12|i2c_master:inst|data_clk'
Slack : 0.140
TNS   : 0.000

Type  : Fast 1100mV 85C Model Minimum Pulse Width 'clk_div:inst5|clock_10Hz'
Slack : 0.150
TNS   : 0.000

Type  : Fast 1100mV 85C Model Minimum Pulse Width 'inst1|pll_main_inst|altera_pll_i|cyclonev_pll|fpll_0|fpll|vcoph[0]'
Slack : 1.666
TNS   : 0.000

Type  : Fast 1100mV 85C Model Minimum Pulse Width 'clock_50'
Slack : 9.336
TNS   : 0.000

Type  : Fast 1100mV 85C Model Minimum Pulse Width 'inst1|pll_main_inst|altera_pll_i|cyclonev_pll|counter[0].output_counter|divclk'
Slack : 40.555
TNS   : 0.000

Type  : Fast 1100mV 85C Model Minimum Pulse Width 'inst1|pll_main_inst|altera_pll_i|cyclonev_pll|counter[1].output_counter|cascadeout'
Slack : 416.666
TNS   : 0.000

Type  : Fast 1100mV 85C Model Minimum Pulse Width 'inst1|pll_main_inst|altera_pll_i|cyclonev_pll|counter[2].output_counter|divclk'
Slack : 1249.553
TNS   : 0.000

Type  : Fast 1100mV 0C Model Setup 'SCOMP:inst|IO_CYCLE'
Slack : -7.361
TNS   : -242.516

Type  : Fast 1100mV 0C Model Setup 'inst1|pll_main_inst|altera_pll_i|cyclonev_pll|counter[2].output_counter|divclk'
Slack : -6.471
TNS   : -89.874

Type  : Fast 1100mV 0C Model Setup 'oneshot_i2c:inst12|i2c_master:inst|data_clk'
Slack : -6.456
TNS   : -91.894

Type  : Fast 1100mV 0C Model Setup 'ADC_INTERFACE:inst6|NEW_SAMPLE'
Slack : -4.788
TNS   : -25.957

Type  : Fast 1100mV 0C Model Setup 'inst1|pll_main_inst|altera_pll_i|cyclonev_pll|counter[0].output_counter|divclk'
Slack : -4.550
TNS   : -49.892

Type  : Fast 1100mV 0C Model Setup 'clk_div:inst5|clock_10Hz'
Slack : -0.537
TNS   : -11.195

Type  : Fast 1100mV 0C Model Setup 'AUD_BCLK'
Slack : -0.266
TNS   : -1.150

Type  : Fast 1100mV 0C Model Hold 'inst1|pll_main_inst|altera_pll_i|cyclonev_pll|counter[0].output_counter|divclk'
Slack : -3.313
TNS   : -36.711

Type  : Fast 1100mV 0C Model Hold 'SCOMP:inst|IO_CYCLE'
Slack : -1.377
TNS   : -31.670

Type  : Fast 1100mV 0C Model Hold 'inst1|pll_main_inst|altera_pll_i|cyclonev_pll|counter[2].output_counter|divclk'
Slack : -0.209
TNS   : -1.393

Type  : Fast 1100mV 0C Model Hold 'AUD_BCLK'
Slack : 0.109
TNS   : 0.000

Type  : Fast 1100mV 0C Model Hold 'clk_div:inst5|clock_10Hz'
Slack : 0.127
TNS   : 0.000

Type  : Fast 1100mV 0C Model Hold 'oneshot_i2c:inst12|i2c_master:inst|data_clk'
Slack : 0.304
TNS   : 0.000

Type  : Fast 1100mV 0C Model Hold 'ADC_INTERFACE:inst6|NEW_SAMPLE'
Slack : 0.314
TNS   : 0.000

Type  : Fast 1100mV 0C Model Recovery 'clk_div:inst5|clock_10Hz'
Slack : -5.299
TNS   : -143.054

Type  : Fast 1100mV 0C Model Removal 'clk_div:inst5|clock_10Hz'
Slack : 0.393
TNS   : 0.000

Type  : Fast 1100mV 0C Model Minimum Pulse Width 'AUD_BCLK'
Slack : -2.174
TNS   : -114.914

Type  : Fast 1100mV 0C Model Minimum Pulse Width 'SCOMP:inst|IO_CYCLE'
Slack : -0.108
TNS   : -0.905

Type  : Fast 1100mV 0C Model Minimum Pulse Width 'ADC_INTERFACE:inst6|NEW_SAMPLE'
Slack : 0.068
TNS   : 0.000

Type  : Fast 1100mV 0C Model Minimum Pulse Width 'oneshot_i2c:inst12|i2c_master:inst|data_clk'
Slack : 0.132
TNS   : 0.000

Type  : Fast 1100mV 0C Model Minimum Pulse Width 'clk_div:inst5|clock_10Hz'
Slack : 0.146
TNS   : 0.000

Type  : Fast 1100mV 0C Model Minimum Pulse Width 'inst1|pll_main_inst|altera_pll_i|cyclonev_pll|fpll_0|fpll|vcoph[0]'
Slack : 1.666
TNS   : 0.000

Type  : Fast 1100mV 0C Model Minimum Pulse Width 'clock_50'
Slack : 9.286
TNS   : 0.000

Type  : Fast 1100mV 0C Model Minimum Pulse Width 'inst1|pll_main_inst|altera_pll_i|cyclonev_pll|counter[0].output_counter|divclk'
Slack : 40.553
TNS   : 0.000

Type  : Fast 1100mV 0C Model Minimum Pulse Width 'inst1|pll_main_inst|altera_pll_i|cyclonev_pll|counter[1].output_counter|cascadeout'
Slack : 416.666
TNS   : 0.000

Type  : Fast 1100mV 0C Model Minimum Pulse Width 'inst1|pll_main_inst|altera_pll_i|cyclonev_pll|counter[2].output_counter|divclk'
Slack : 1249.541
TNS   : 0.000

------------------------------------------------------------
